MO mux4to1 NULL C:\Users\cheta\Downloads\TY_2nd_sem\DD\Lab/mux16to1.v vlg1A/mux4to1.bin 1680851086
MO mux16to1 NULL C:\Users\cheta\Downloads\TY_2nd_sem\DD\Lab/mux16to1.v vlg4D/mux16to1.bin 1680851086
MO tb_mux16to1_v NULL C:\Users\cheta\Downloads\TY_2nd_sem\DD\Lab/tb_mux16to1.v vlg0B/tb__mux16to1__v.bin 1680854661
MO glbl NULL C:/Xilinx/verilog/src/glbl.v vlg2D/glbl.bin 1680850473
