MO rndm_gen NULL C:\Users\cheta\Downloads\TY_2nd_sem\DD\Final_10bit_rng/Final_10bit_rng.v vlg12/rndm__gen.bin 1684391315
MO rndm_tb NULL C:\Users\cheta\Downloads\TY_2nd_sem\DD\Final_10bit_rng/rndm_tb.v vlg12/rndm__tb.bin 1684391410
MO glbl NULL C:/Xilinx/verilog/src/glbl.v vlg2D/glbl.bin 1682710482
